// Jest Snapshot v1, https://goo.gl/fbAQLP

exports[`InitialScreen Rendering should match to snapshot 1`] = `
<View
  style={
    Object {
      "flex": 1,
    }
  }
>
  <Loader
    size="small"
  />
</View>
`;
