// Jest Snapshot v1, https://goo.gl/fbAQLP

exports[`HomeTabbar Feature Rendering should match to snapshot 1`] = `
<ContextConsumer>
  <Component />
</ContextConsumer>
`;
