// Jest Snapshot v1, https://goo.gl/fbAQLP

exports[`ProductList Feature Rendering should match to snapshot 1`] = `
<MyFlatList
  data={Array []}
  itemComponent={[Function]}
/>
`;
