// Jest Snapshot v1, https://goo.gl/fbAQLP

exports[`Badge Component Rendering should match to snapshot 1`] = `
<View
  style={
    Object {
      "position": "absolute",
      "right": 0,
      "top": 0,
    }
  }
>
  <Text />
</View>
`;
