// Jest Snapshot v1, https://goo.gl/fbAQLP

exports[`ProductScreen Rendering should match to snapshot 1`] = `
<ScreenContentFrame
  statusBackgroundColor="#ffffff"
  statusBarStyle="dark-content"
>
  <ProductHeader />
  <View
    flex={1}
  />
  <withNavigation(ProductTabbar) />
</ScreenContentFrame>
`;
