// Jest Snapshot v1, https://goo.gl/fbAQLP

exports[`Product Feature Rendering should match to snapshot 1`] = `
<Item
  handlePress={[Function]}
  index={0}
  key="0"
  photo={
    Object {
      "process": [Function],
    }
  }
/>
`;
