// Jest Snapshot v1, https://goo.gl/fbAQLP

exports[`ProductHeader Feature Rendering should match to snapshot 1`] = `
<withNavigation(MainNavbar)
  cartTextTestID="product_cart_text"
/>
`;
