// Jest Snapshot v1, https://goo.gl/fbAQLP

exports[`App tested with airbnb enzyme App mount with enzyme 1`] = `
<ScreenContentFrame
  statusBackgroundColor="#ffffff"
  statusBarStyle="dark-content"
>
  <NavigationContainer
    theme="light"
  />
</ScreenContentFrame>
`;
